
Discarded input sections

 .text          0x00000000        0x0 ..\obj\semihosting.o
 .data          0x00000000        0x0 ..\obj\semihosting.o
 .text.SH_SendString
                0x00000000       0x24 ..\obj\semihosting.o
 .text          0x00000000        0x0 ..\obj\stm32f4xx_syscfg.o
 .data          0x00000000        0x0 ..\obj\stm32f4xx_syscfg.o
 .bss           0x00000000        0x0 ..\obj\stm32f4xx_syscfg.o
 .text.SYSCFG_DeInit
                0x00000000       0x1c ..\obj\stm32f4xx_syscfg.o
 .text.SYSCFG_MemoryRemapConfig
                0x00000000       0x20 ..\obj\stm32f4xx_syscfg.o
 .text.SYSCFG_ETH_MediaInterfaceConfig
                0x00000000       0x1c ..\obj\stm32f4xx_syscfg.o
 .text.SYSCFG_CompensationCellCmd
                0x00000000       0x20 ..\obj\stm32f4xx_syscfg.o
 .text.SYSCFG_GetCompensationCellStatus
                0x00000000       0x34 ..\obj\stm32f4xx_syscfg.o
 .text          0x00000000        0x0 ..\obj\startup_stm32f4xx.o
 .data          0x00000000        0x0 ..\obj\startup_stm32f4xx.o
 .bss           0x00000000        0x0 ..\obj\startup_stm32f4xx.o
 .text          0x00000000        0x0 ..\obj\main.o
 .bss           0x00000000        0x0 ..\obj\main.o
 .text.pulsoLed
                0x00000000       0x28 ..\obj\main.o
 .text.Delay    0x00000000       0x20 ..\obj\main.o
 .text          0x00000000        0x0 ..\obj\stm32f4xx_rcc.o
 .data          0x00000000       0x10 ..\obj\stm32f4xx_rcc.o
 .bss           0x00000000        0x0 ..\obj\stm32f4xx_rcc.o
 .text.RCC_DeInit
                0x00000000       0x50 ..\obj\stm32f4xx_rcc.o
 .text.RCC_HSEConfig
                0x00000000       0x24 ..\obj\stm32f4xx_rcc.o
 .text.RCC_WaitForHSEStartUp
                0x00000000       0x50 ..\obj\stm32f4xx_rcc.o
 .text.RCC_AdjustHSICalibrationValue
                0x00000000       0x3c ..\obj\stm32f4xx_rcc.o
 .text.RCC_HSICmd
                0x00000000       0x20 ..\obj\stm32f4xx_rcc.o
 .text.RCC_LSEConfig
                0x00000000       0x40 ..\obj\stm32f4xx_rcc.o
 .text.RCC_LSICmd
                0x00000000       0x20 ..\obj\stm32f4xx_rcc.o
 .text.RCC_PLLConfig
                0x00000000       0x3c ..\obj\stm32f4xx_rcc.o
 .text.RCC_PLLCmd
                0x00000000       0x20 ..\obj\stm32f4xx_rcc.o
 .text.RCC_PLLI2SConfig
                0x00000000       0x28 ..\obj\stm32f4xx_rcc.o
 .text.RCC_PLLI2SCmd
                0x00000000       0x20 ..\obj\stm32f4xx_rcc.o
 .text.RCC_ClockSecuritySystemCmd
                0x00000000       0x20 ..\obj\stm32f4xx_rcc.o
 .text.RCC_MCO1Config
                0x00000000       0x3c ..\obj\stm32f4xx_rcc.o
 .text.RCC_MCO2Config
                0x00000000       0x3c ..\obj\stm32f4xx_rcc.o
 .text.RCC_SYSCLKConfig
                0x00000000       0x38 ..\obj\stm32f4xx_rcc.o
 .text.RCC_GetSYSCLKSource
                0x00000000       0x20 ..\obj\stm32f4xx_rcc.o
 .text.RCC_HCLKConfig
                0x00000000       0x38 ..\obj\stm32f4xx_rcc.o
 .text.RCC_PCLK1Config
                0x00000000       0x38 ..\obj\stm32f4xx_rcc.o
 .text.RCC_PCLK2Config
                0x00000000       0x38 ..\obj\stm32f4xx_rcc.o
 .text.RCC_GetClocksFreq
                0x00000000      0x154 ..\obj\stm32f4xx_rcc.o
 .text.RCC_RTCCLKConfig
                0x00000000       0x5c ..\obj\stm32f4xx_rcc.o
 .text.RCC_RTCCLKCmd
                0x00000000       0x20 ..\obj\stm32f4xx_rcc.o
 .text.RCC_BackupResetCmd
                0x00000000       0x20 ..\obj\stm32f4xx_rcc.o
 .text.RCC_I2SCLKConfig
                0x00000000       0x1c ..\obj\stm32f4xx_rcc.o
 .text.RCC_AHB2PeriphClockCmd
                0x00000000       0x3c ..\obj\stm32f4xx_rcc.o
 .text.RCC_AHB3PeriphClockCmd
                0x00000000       0x3c ..\obj\stm32f4xx_rcc.o
 .text.RCC_APB2PeriphClockCmd
                0x00000000       0x3c ..\obj\stm32f4xx_rcc.o
 .text.RCC_AHB1PeriphResetCmd
                0x00000000       0x3c ..\obj\stm32f4xx_rcc.o
 .text.RCC_AHB2PeriphResetCmd
                0x00000000       0x3c ..\obj\stm32f4xx_rcc.o
 .text.RCC_AHB3PeriphResetCmd
                0x00000000       0x3c ..\obj\stm32f4xx_rcc.o
 .text.RCC_APB1PeriphResetCmd
                0x00000000       0x3c ..\obj\stm32f4xx_rcc.o
 .text.RCC_APB2PeriphResetCmd
                0x00000000       0x3c ..\obj\stm32f4xx_rcc.o
 .text.RCC_AHB1PeriphClockLPModeCmd
                0x00000000       0x3c ..\obj\stm32f4xx_rcc.o
 .text.RCC_AHB2PeriphClockLPModeCmd
                0x00000000       0x3c ..\obj\stm32f4xx_rcc.o
 .text.RCC_AHB3PeriphClockLPModeCmd
                0x00000000       0x3c ..\obj\stm32f4xx_rcc.o
 .text.RCC_APB1PeriphClockLPModeCmd
                0x00000000       0x3c ..\obj\stm32f4xx_rcc.o
 .text.RCC_APB2PeriphClockLPModeCmd
                0x00000000       0x3c ..\obj\stm32f4xx_rcc.o
 .text.RCC_ITConfig
                0x00000000       0x48 ..\obj\stm32f4xx_rcc.o
 .text.RCC_GetFlagStatus
                0x00000000       0x74 ..\obj\stm32f4xx_rcc.o
 .text.RCC_ClearFlag
                0x00000000       0x1c ..\obj\stm32f4xx_rcc.o
 .text.RCC_GetITStatus
                0x00000000       0x38 ..\obj\stm32f4xx_rcc.o
 .text.RCC_ClearITPendingBit
                0x00000000       0x20 ..\obj\stm32f4xx_rcc.o
 .text          0x00000000        0x0 ..\obj\printf.o
 .bss           0x00000000        0x0 ..\obj\printf.o
 .text.snprintf
                0x00000000       0x30 ..\obj\printf.o
 .text.fprintf  0x00000000       0x2c ..\obj\printf.o
 .text.sprintf  0x00000000       0x2c ..\obj\printf.o
 .text.puts     0x00000000       0x24 ..\obj\printf.o
 .text          0x00000000        0x0 ..\obj\stm32f4xx_gpio.o
 .data          0x00000000        0x0 ..\obj\stm32f4xx_gpio.o
 .bss           0x00000000        0x0 ..\obj\stm32f4xx_gpio.o
 .text.GPIO_DeInit
                0x00000000      0x120 ..\obj\stm32f4xx_gpio.o
 .text.GPIO_StructInit
                0x00000000       0x34 ..\obj\stm32f4xx_gpio.o
 .text.GPIO_PinLockConfig
                0x00000000       0x44 ..\obj\stm32f4xx_gpio.o
 .text.GPIO_ReadInputDataBit
                0x00000000       0x34 ..\obj\stm32f4xx_gpio.o
 .text.GPIO_ReadInputData
                0x00000000       0x1c ..\obj\stm32f4xx_gpio.o
 .text.GPIO_ReadOutputDataBit
                0x00000000       0x34 ..\obj\stm32f4xx_gpio.o
 .text.GPIO_ReadOutputData
                0x00000000       0x1c ..\obj\stm32f4xx_gpio.o
 .text.GPIO_SetBits
                0x00000000       0x1c ..\obj\stm32f4xx_gpio.o
 .text.GPIO_ResetBits
                0x00000000       0x1c ..\obj\stm32f4xx_gpio.o
 .text.GPIO_WriteBit
                0x00000000       0x30 ..\obj\stm32f4xx_gpio.o
 .text.GPIO_Write
                0x00000000       0x1c ..\obj\stm32f4xx_gpio.o
 .text.GPIO_PinAFConfig
                0x00000000       0x8c ..\obj\stm32f4xx_gpio.o
 .data          0x00000000        0x0 ..\obj\sh_cmd.o
 .bss           0x00000000        0x0 ..\obj\sh_cmd.o
 .text          0x00000000        0x0 ..\obj\system_stm32f4xx.o
 .data          0x00000000       0x14 ..\obj\system_stm32f4xx.o
 .bss           0x00000000        0x0 ..\obj\system_stm32f4xx.o
 .text.SystemInit
                0x00000000       0x58 ..\obj\system_stm32f4xx.o
 .text.SystemCoreClockUpdate
                0x00000000       0xf8 ..\obj\system_stm32f4xx.o
 .text.SetSysClock
                0x00000000       0xf4 ..\obj\system_stm32f4xx.o
 .debug_info    0x00000000      0x592 ..\obj\system_stm32f4xx.o
 .debug_abbrev  0x00000000      0x136 ..\obj\system_stm32f4xx.o
 .debug_aranges
                0x00000000       0x30 ..\obj\system_stm32f4xx.o
 .debug_ranges  0x00000000       0x20 ..\obj\system_stm32f4xx.o
 .debug_line    0x00000000      0x1e6 ..\obj\system_stm32f4xx.o
 .debug_str     0x00000000      0x3a2 ..\obj\system_stm32f4xx.o
 .comment       0x00000000       0x71 ..\obj\system_stm32f4xx.o
 .ARM.attributes
                0x00000000       0x33 ..\obj\system_stm32f4xx.o
 .debug_frame   0x00000000       0x64 ..\obj\system_stm32f4xx.o
 .text          0x00000000        0x0 ..\obj\syscalls.o
 .data          0x00000000        0x0 ..\obj\syscalls.o
 .bss           0x00000000        0x4 ..\obj\syscalls.o
 .text._sbrk    0x00000000       0x40 ..\obj\syscalls.o
 .text.link     0x00000000       0x1c ..\obj\syscalls.o
 .text._close   0x00000000       0x18 ..\obj\syscalls.o
 .text._fstat   0x00000000       0x20 ..\obj\syscalls.o
 .text._isatty  0x00000000       0x18 ..\obj\syscalls.o
 .text._lseek   0x00000000       0x1c ..\obj\syscalls.o
 .text._read    0x00000000       0x1c ..\obj\syscalls.o
 .text._write   0x00000000       0x1c ..\obj\syscalls.o
 .text.abort    0x00000000        0x8 ..\obj\syscalls.o
 .debug_info    0x00000000      0x3ee ..\obj\syscalls.o
 .debug_abbrev  0x00000000       0xe2 ..\obj\syscalls.o
 .debug_aranges
                0x00000000       0x60 ..\obj\syscalls.o
 .debug_ranges  0x00000000       0x50 ..\obj\syscalls.o
 .debug_line    0x00000000      0x170 ..\obj\syscalls.o
 .debug_str     0x00000000      0x2db ..\obj\syscalls.o
 .comment       0x00000000       0x71 ..\obj\syscalls.o
 .ARM.attributes
                0x00000000       0x33 ..\obj\syscalls.o
 .debug_frame   0x00000000      0x108 ..\obj\syscalls.o
 .text          0x00000000        0x0 ..\obj\bsp.o
 .text.led_on   0x00000000       0x30 ..\obj\bsp.o
 .text.led_off  0x00000000       0x30 ..\obj\bsp.o
 .text.sw_getState
                0x00000000       0x18 ..\obj\bsp.o
 .text          0x00000000        0x0 ..\obj\stm32f4xx_exti.o
 .data          0x00000000        0x0 ..\obj\stm32f4xx_exti.o
 .bss           0x00000000        0x0 ..\obj\stm32f4xx_exti.o
 .text.EXTI_DeInit
                0x00000000       0x34 ..\obj\stm32f4xx_exti.o
 .text.EXTI_StructInit
                0x00000000       0x2c ..\obj\stm32f4xx_exti.o
 .text.EXTI_GenerateSWInterrupt
                0x00000000       0x24 ..\obj\stm32f4xx_exti.o
 .text.EXTI_GetFlagStatus
                0x00000000       0x34 ..\obj\stm32f4xx_exti.o
 .text.EXTI_ClearITPendingBit
                0x00000000       0x1c ..\obj\stm32f4xx_exti.o
 .text          0x00000000        0x0 ..\obj\misc.o
 .data          0x00000000        0x0 ..\obj\misc.o
 .bss           0x00000000        0x0 ..\obj\misc.o
 .text.NVIC_PriorityGroupConfig
                0x00000000       0x24 ..\obj\misc.o
 .text.NVIC_SetVectorTable
                0x00000000       0x2c ..\obj\misc.o
 .text.NVIC_SystemLPConfig
                0x00000000       0x40 ..\obj\misc.o
 .text.SysTick_CLKSourceConfig
                0x00000000       0x38 ..\obj\misc.o
 .text          0x00000000        0x0 ..\obj\stm32f4xx_tim.o
 .data          0x00000000        0x0 ..\obj\stm32f4xx_tim.o
 .bss           0x00000000        0x0 ..\obj\stm32f4xx_tim.o
 .text.TIM_DeInit
                0x00000000      0x1bc ..\obj\stm32f4xx_tim.o
 .text.TIM_TimeBaseStructInit
                0x00000000       0x34 ..\obj\stm32f4xx_tim.o
 .text.TIM_PrescalerConfig
                0x00000000       0x28 ..\obj\stm32f4xx_tim.o
 .text.TIM_CounterModeConfig
                0x00000000       0x38 ..\obj\stm32f4xx_tim.o
 .text.TIM_SetCounter
                0x00000000       0x1c ..\obj\stm32f4xx_tim.o
 .text.TIM_SetAutoreload
                0x00000000       0x1c ..\obj\stm32f4xx_tim.o
 .text.TIM_GetCounter
                0x00000000       0x18 ..\obj\stm32f4xx_tim.o
 .text.TIM_GetPrescaler
                0x00000000       0x1c ..\obj\stm32f4xx_tim.o
 .text.TIM_UpdateDisableConfig
                0x00000000       0x40 ..\obj\stm32f4xx_tim.o
 .text.TIM_UpdateRequestConfig
                0x00000000       0x40 ..\obj\stm32f4xx_tim.o
 .text.TIM_ARRPreloadConfig
                0x00000000       0x40 ..\obj\stm32f4xx_tim.o
 .text.TIM_SelectOnePulseMode
                0x00000000       0x38 ..\obj\stm32f4xx_tim.o
 .text.TIM_SetClockDivision
                0x00000000       0x38 ..\obj\stm32f4xx_tim.o
 .text.TIM_OC1Init
                0x00000000       0xf4 ..\obj\stm32f4xx_tim.o
 .text.TIM_OC2Init
                0x00000000      0x110 ..\obj\stm32f4xx_tim.o
 .text.TIM_OC3Init
                0x00000000      0x10c ..\obj\stm32f4xx_tim.o
 .text.TIM_OC4Init
                0x00000000       0xcc ..\obj\stm32f4xx_tim.o
 .text.TIM_OCStructInit
                0x00000000       0x44 ..\obj\stm32f4xx_tim.o
 .text.TIM_SelectOCxM
                0x00000000       0xac ..\obj\stm32f4xx_tim.o
 .text.TIM_SetCompare1
                0x00000000       0x1c ..\obj\stm32f4xx_tim.o
 .text.TIM_SetCompare2
                0x00000000       0x1c ..\obj\stm32f4xx_tim.o
 .text.TIM_SetCompare3
                0x00000000       0x1c ..\obj\stm32f4xx_tim.o
 .text.TIM_SetCompare4
                0x00000000       0x1c ..\obj\stm32f4xx_tim.o
 .text.TIM_ForcedOC1Config
                0x00000000       0x38 ..\obj\stm32f4xx_tim.o
 .text.TIM_ForcedOC2Config
                0x00000000       0x3c ..\obj\stm32f4xx_tim.o
 .text.TIM_ForcedOC3Config
                0x00000000       0x38 ..\obj\stm32f4xx_tim.o
 .text.TIM_ForcedOC4Config
                0x00000000       0x3c ..\obj\stm32f4xx_tim.o
 .text.TIM_OC1PreloadConfig
                0x00000000       0x38 ..\obj\stm32f4xx_tim.o
 .text.TIM_OC2PreloadConfig
                0x00000000       0x3c ..\obj\stm32f4xx_tim.o
 .text.TIM_OC3PreloadConfig
                0x00000000       0x38 ..\obj\stm32f4xx_tim.o
 .text.TIM_OC4PreloadConfig
                0x00000000       0x3c ..\obj\stm32f4xx_tim.o
 .text.TIM_OC1FastConfig
                0x00000000       0x38 ..\obj\stm32f4xx_tim.o
 .text.TIM_OC2FastConfig
                0x00000000       0x3c ..\obj\stm32f4xx_tim.o
 .text.TIM_OC3FastConfig
                0x00000000       0x38 ..\obj\stm32f4xx_tim.o
 .text.TIM_OC4FastConfig
                0x00000000       0x3c ..\obj\stm32f4xx_tim.o
 .text.TIM_ClearOC1Ref
                0x00000000       0x38 ..\obj\stm32f4xx_tim.o
 .text.TIM_ClearOC2Ref
                0x00000000       0x3c ..\obj\stm32f4xx_tim.o
 .text.TIM_ClearOC3Ref
                0x00000000       0x38 ..\obj\stm32f4xx_tim.o
 .text.TIM_ClearOC4Ref
                0x00000000       0x3c ..\obj\stm32f4xx_tim.o
 .text.TIM_OC1PolarityConfig
                0x00000000       0x38 ..\obj\stm32f4xx_tim.o
 .text.TIM_OC1NPolarityConfig
                0x00000000       0x38 ..\obj\stm32f4xx_tim.o
 .text.TIM_OC2PolarityConfig
                0x00000000       0x3c ..\obj\stm32f4xx_tim.o
 .text.TIM_OC2NPolarityConfig
                0x00000000       0x3c ..\obj\stm32f4xx_tim.o
 .text.TIM_OC3PolarityConfig
                0x00000000       0x3c ..\obj\stm32f4xx_tim.o
 .text.TIM_OC3NPolarityConfig
                0x00000000       0x3c ..\obj\stm32f4xx_tim.o
 .text.TIM_OC4PolarityConfig
                0x00000000       0x3c ..\obj\stm32f4xx_tim.o
 .text.TIM_CCxCmd
                0x00000000       0x54 ..\obj\stm32f4xx_tim.o
 .text.TIM_CCxNCmd
                0x00000000       0x54 ..\obj\stm32f4xx_tim.o
 .text.TIM_ICInit
                0x00000000       0xa8 ..\obj\stm32f4xx_tim.o
 .text.TIM_ICStructInit
                0x00000000       0x30 ..\obj\stm32f4xx_tim.o
 .text.TIM_PWMIConfig
                0x00000000       0xb8 ..\obj\stm32f4xx_tim.o
 .text.TIM_GetCapture1
                0x00000000       0x18 ..\obj\stm32f4xx_tim.o
 .text.TIM_GetCapture2
                0x00000000       0x18 ..\obj\stm32f4xx_tim.o
 .text.TIM_GetCapture3
                0x00000000       0x18 ..\obj\stm32f4xx_tim.o
 .text.TIM_GetCapture4
                0x00000000       0x18 ..\obj\stm32f4xx_tim.o
 .text.TIM_SetIC1Prescaler
                0x00000000       0x38 ..\obj\stm32f4xx_tim.o
 .text.TIM_SetIC2Prescaler
                0x00000000       0x3c ..\obj\stm32f4xx_tim.o
 .text.TIM_SetIC3Prescaler
                0x00000000       0x38 ..\obj\stm32f4xx_tim.o
 .text.TIM_SetIC4Prescaler
                0x00000000       0x3c ..\obj\stm32f4xx_tim.o
 .text.TIM_BDTRConfig
                0x00000000       0x50 ..\obj\stm32f4xx_tim.o
 .text.TIM_BDTRStructInit
                0x00000000       0x3c ..\obj\stm32f4xx_tim.o
 .text.TIM_CtrlPWMOutputs
                0x00000000       0x4c ..\obj\stm32f4xx_tim.o
 .text.TIM_SelectCOM
                0x00000000       0x40 ..\obj\stm32f4xx_tim.o
 .text.TIM_CCPreloadControl
                0x00000000       0x40 ..\obj\stm32f4xx_tim.o
 .text.TIM_GenerateEvent
                0x00000000       0x1c ..\obj\stm32f4xx_tim.o
 .text.TIM_GetFlagStatus
                0x00000000       0x38 ..\obj\stm32f4xx_tim.o
 .text.TIM_ClearFlag
                0x00000000       0x20 ..\obj\stm32f4xx_tim.o
 .text.TIM_DMAConfig
                0x00000000       0x28 ..\obj\stm32f4xx_tim.o
 .text.TIM_DMACmd
                0x00000000       0x48 ..\obj\stm32f4xx_tim.o
 .text.TIM_SelectCCDMA
                0x00000000       0x40 ..\obj\stm32f4xx_tim.o
 .text.TIM_InternalClockConfig
                0x00000000       0x24 ..\obj\stm32f4xx_tim.o
 .text.TIM_ITRxExternalClockConfig
                0x00000000       0x2c ..\obj\stm32f4xx_tim.o
 .text.TIM_TIxExternalClockConfig
                0x00000000       0x54 ..\obj\stm32f4xx_tim.o
 .text.TIM_ETRClockMode1Config
                0x00000000       0x50 ..\obj\stm32f4xx_tim.o
 .text.TIM_ETRClockMode2Config
                0x00000000       0x30 ..\obj\stm32f4xx_tim.o
 .text.TIM_SelectInputTrigger
                0x00000000       0x38 ..\obj\stm32f4xx_tim.o
 .text.TIM_SelectOutputTrigger
                0x00000000       0x38 ..\obj\stm32f4xx_tim.o
 .text.TIM_SelectSlaveMode
                0x00000000       0x38 ..\obj\stm32f4xx_tim.o
 .text.TIM_SelectMasterSlaveMode
                0x00000000       0x38 ..\obj\stm32f4xx_tim.o
 .text.TIM_ETRConfig
                0x00000000       0x48 ..\obj\stm32f4xx_tim.o
 .text.TIM_EncoderInterfaceConfig
                0x00000000       0x8c ..\obj\stm32f4xx_tim.o
 .text.TIM_SelectHallSensor
                0x00000000       0x40 ..\obj\stm32f4xx_tim.o
 .text.TIM_RemapConfig
                0x00000000       0x20 ..\obj\stm32f4xx_tim.o
 .text.TI1_Config
                0x00000000       0x78 ..\obj\stm32f4xx_tim.o
 .text.TI2_Config
                0x00000000       0x8c ..\obj\stm32f4xx_tim.o
 .text.TI3_Config
                0x00000000       0x84 ..\obj\stm32f4xx_tim.o
 .text.TI4_Config
                0x00000000       0x90 ..\obj\stm32f4xx_tim.o

Memory Configuration

Name             Origin             Length             Attributes
rom              0x08000000         0x00040000         xr
ram              0x20000000         0x00010000         xrw
*default*        0x00000000         0xffffffff

Linker script and memory map

                0x20010000                _eram = 0x20010000

.text           0x08000000     0x1258
 *(.isr_vector)
 .isr_vector    0x08000000      0x188 ..\obj\startup_stm32f4xx.o
                0x08000000                g_pfnVectors
 *(.text*)
 .text.SH_SendChar
                0x08000188       0x64 ..\obj\semihosting.o
                0x08000188                SH_SendChar
 .text.SH_GetChar
                0x080001ec       0x40 ..\obj\semihosting.o
                0x080001ec                SH_GetChar
 .text.SYSCFG_EXTILineConfig
                0x0800022c       0x7c ..\obj\stm32f4xx_syscfg.o
                0x0800022c                SYSCFG_EXTILineConfig
 .text.Default_Reset_Handler
                0x080002a8       0x5c ..\obj\startup_stm32f4xx.o
                0x080002a8                Default_Reset_Handler
                0x080002a8                Reset_Handler
 .text.Default_Handler
                0x08000304        0x8 ..\obj\startup_stm32f4xx.o
                0x08000304                RTC_Alarm_IRQHandler
                0x08000304                HASH_RNG_IRQHandler
                0x08000304                EXTI2_IRQHandler
                0x08000304                TIM8_CC_IRQHandler
                0x08000304                DebugMon_Handler
                0x08000304                TIM1_CC_IRQHandler
                0x08000304                DMA2_Stream5_IRQHandler
                0x08000304                DMA1_Stream5_IRQHandler
                0x08000304                SysTick_Handler
                0x08000304                PVD_IRQHandler
                0x08000304                SDIO_IRQHandler
                0x08000304                TAMP_STAMP_IRQHandler
                0x08000304                PendSV_Handler
                0x08000304                NMI_Handler
                0x08000304                CAN2_RX1_IRQHandler
                0x08000304                EXTI3_IRQHandler
                0x08000304                TIM8_TRG_COM_TIM14_IRQHandler
                0x08000304                TIM1_UP_TIM10_IRQHandler
                0x08000304                TIM8_UP_TIM13_IRQHandler
                0x08000304                I2C3_ER_IRQHandler
                0x08000304                I2C2_EV_IRQHandler
                0x08000304                DMA1_Stream2_IRQHandler
                0x08000304                CAN1_RX0_IRQHandler
                0x08000304                FPU_IRQHandler
                0x08000304                OTG_HS_WKUP_IRQHandler
                0x08000304                UsageFault_Handler
                0x08000304                CAN2_SCE_IRQHandler
                0x08000304                DMA2_Stream2_IRQHandler
                0x08000304                SPI1_IRQHandler
                0x08000304                TIM6_DAC_IRQHandler
                0x08000304                TIM1_BRK_TIM9_IRQHandler
                0x08000304                DCMI_IRQHandler
                0x08000304                CAN2_RX0_IRQHandler
                0x08000304                DMA2_Stream3_IRQHandler
                0x08000304                USART6_IRQHandler
                0x08000304                USART3_IRQHandler
                0x08000304                CRYP_IRQHandler
                0x08000304                CAN1_RX1_IRQHandler
                0x08000304                UART5_IRQHandler
                0x08000304                DMA2_Stream0_IRQHandler
                0x08000304                TIM4_IRQHandler
                0x08000304                I2C1_EV_IRQHandler
                0x08000304                DMA1_Stream6_IRQHandler
                0x08000304                DMA1_Stream1_IRQHandler
                0x08000304                UART4_IRQHandler
                0x08000304                TIM3_IRQHandler
                0x08000304                RCC_IRQHandler
                0x08000304                TIM8_BRK_TIM12_IRQHandler
                0x08000304                EXTI15_10_IRQHandler
                0x08000304                ADC_IRQHandler
                0x08000304                DMA1_Stream7_IRQHandler
                0x08000304                TIM7_IRQHandler
                0x08000304                CAN2_TX_IRQHandler
                0x08000304                TIM5_IRQHandler
                0x08000304                DMA2_Stream7_IRQHandler
                0x08000304                I2C3_EV_IRQHandler
                0x08000304                EXTI9_5_IRQHandler
                0x08000304                RTC_WKUP_IRQHandler
                0x08000304                ETH_WKUP_IRQHandler
                0x08000304                SPI2_IRQHandler
                0x08000304                OTG_HS_EP1_IN_IRQHandler
                0x08000304                MemManage_Handler
                0x08000304                DMA1_Stream0_IRQHandler
                0x08000304                CAN1_TX_IRQHandler
                0x08000304                SVC_Handler
                0x08000304                EXTI4_IRQHandler
                0x08000304                FSMC_IRQHandler
                0x08000304                ETH_IRQHandler
                0x08000304                OTG_HS_EP1_OUT_IRQHandler
                0x08000304                WWDG_IRQHandler
                0x08000304                OTG_FS_WKUP_IRQHandler
                0x08000304                TIM1_TRG_COM_TIM11_IRQHandler
                0x08000304                OTG_HS_IRQHandler
                0x08000304                EXTI1_IRQHandler
                0x08000304                USART2_IRQHandler
                0x08000304                I2C2_ER_IRQHandler
                0x08000304                DMA2_Stream1_IRQHandler
                0x08000304                CAN1_SCE_IRQHandler
                0x08000304                FLASH_IRQHandler
                0x08000304                DMA2_Stream4_IRQHandler
                0x08000304                BusFault_Handler
                0x08000304                USART1_IRQHandler
                0x08000304                OTG_FS_IRQHandler
                0x08000304                SPI3_IRQHandler
                0x08000304                DMA1_Stream4_IRQHandler
                0x08000304                I2C1_ER_IRQHandler
                0x08000304                DMA2_Stream6_IRQHandler
                0x08000304                DMA1_Stream3_IRQHandler
 .text.main     0x0800030c       0x68 ..\obj\main.o
                0x0800030c                main
 .text.APP_ISR_sw
                0x08000374       0x14 ..\obj\main.o
                0x08000374                APP_ISR_sw
 .text.APP_ISR_1ms
                0x08000388       0x2c ..\obj\main.o
                0x08000388                APP_ISR_1ms
 .text.RCC_AHB1PeriphClockCmd
                0x080003b4       0x3c ..\obj\stm32f4xx_rcc.o
                0x080003b4                RCC_AHB1PeriphClockCmd
 .text.RCC_APB1PeriphClockCmd
                0x080003f0       0x3c ..\obj\stm32f4xx_rcc.o
                0x080003f0                RCC_APB1PeriphClockCmd
 .text.PrintChar
                0x0800042c       0x18 ..\obj\printf.o
                0x0800042c                PrintChar
 .text.PutChar  0x08000444       0x20 ..\obj\printf.o
                0x08000444                PutChar
 .text.PutString
                0x08000464       0x3c ..\obj\printf.o
                0x08000464                PutString
 .text.PutUnsignedInt
                0x080004a0       0xa0 ..\obj\printf.o
                0x080004a0                PutUnsignedInt
 .text.PutSignedInt
                0x08000540       0xfc ..\obj\printf.o
                0x08000540                PutSignedInt
 .text.PutHexa  0x0800063c       0xd4 ..\obj\printf.o
                0x0800063c                PutHexa
 .text.vsnprintf
                0x08000710      0x254 ..\obj\printf.o
                0x08000710                vsnprintf
 .text.vsprintf
                0x08000964       0x24 ..\obj\printf.o
                0x08000964                vsprintf
 .text.vfprintf
                0x08000988       0x68 ..\obj\printf.o
                0x08000988                vfprintf
 .text.vprintf  0x080009f0       0x28 ..\obj\printf.o
                0x080009f0                vprintf
 .text.printf   0x08000a18       0x28 ..\obj\printf.o
                0x08000a18                printf
 .text.fputc    0x08000a40       0x40 ..\obj\printf.o
                0x08000a40                fputc
 .text.fputs    0x08000a80       0x48 ..\obj\printf.o
                0x08000a80                fputs
 .text.GPIO_Init
                0x08000ac8      0x11c ..\obj\stm32f4xx_gpio.o
                0x08000ac8                GPIO_Init
 .text.GPIO_ToggleBits
                0x08000be4       0x24 ..\obj\stm32f4xx_gpio.o
                0x08000be4                GPIO_ToggleBits
 .text          0x08000c08       0x30 ..\obj\sh_cmd.o
                0x08000c08                SH_DoCommand
                0x08000c1e                HardFault_Handler
 .text.led_toggle
                0x08000c38       0x30 ..\obj\bsp.o
                0x08000c38                led_toggle
 .text.bsp_delayMs
                0x08000c68       0x2c ..\obj\bsp.o
                0x08000c68                bsp_delayMs
 .text.EXTI0_IRQHandler
                0x08000c94       0x1c ..\obj\bsp.o
                0x08000c94                EXTI0_IRQHandler
 .text.TIM2_IRQHandler
                0x08000cb0       0x40 ..\obj\bsp.o
                0x08000cb0                TIM2_IRQHandler
 .text.bsp_init
                0x08000cf0       0x14 ..\obj\bsp.o
                0x08000cf0                bsp_init
 .text.bsp_led_init
                0x08000d04       0x40 ..\obj\bsp.o
                0x08000d04                bsp_led_init
 .text.bsp_sw_init
                0x08000d44       0x74 ..\obj\bsp.o
                0x08000d44                bsp_sw_init
 .text.bsp_timer_config
                0x08000db8       0x60 ..\obj\bsp.o
                0x08000db8                bsp_timer_config
 .text.EXTI_Init
                0x08000e18       0xdc ..\obj\stm32f4xx_exti.o
                0x08000e18                EXTI_Init
 .text.EXTI_ClearFlag
                0x08000ef4       0x1c ..\obj\stm32f4xx_exti.o
                0x08000ef4                EXTI_ClearFlag
 .text.EXTI_GetITStatus
                0x08000f10       0x48 ..\obj\stm32f4xx_exti.o
                0x08000f10                EXTI_GetITStatus
 .text.NVIC_Init
                0x08000f58       0xbc ..\obj\misc.o
                0x08000f58                NVIC_Init
 .text.TIM_TimeBaseInit
                0x08001014       0xd4 ..\obj\stm32f4xx_tim.o
                0x08001014                TIM_TimeBaseInit
 .text.TIM_Cmd  0x080010e8       0x40 ..\obj\stm32f4xx_tim.o
                0x080010e8                TIM_Cmd
 .text.TIM_ITConfig
                0x08001128       0x48 ..\obj\stm32f4xx_tim.o
                0x08001128                TIM_ITConfig
 .text.TIM_GetITStatus
                0x08001170       0x54 ..\obj\stm32f4xx_tim.o
                0x08001170                TIM_GetITStatus
 .text.TIM_ClearITPendingBit
                0x080011c4       0x20 ..\obj\stm32f4xx_tim.o
                0x080011c4                TIM_ClearITPendingBit
 *(.init)
 *(.fini)
 *crtbegin.o(.ctors)
 *crtbegin?.o(.ctors)
 *(EXCLUDE_FILE(*crtend.o *crtend?.o) .ctors)
 *(SORT(.ctors.*))
 *(.ctors)
 *crtbegin.o(.dtors)
 *crtbegin?.o(.dtors)
 *(EXCLUDE_FILE(*crtend.o *crtend?.o) .dtors)
 *(SORT(.dtors.*))
 *(.dtors)
 *(.rodata*)
 .rodata        0x080011e4       0x48 ..\obj\main.o
 .rodata        0x0800122c       0x24 ..\obj\printf.o
 .rodata        0x08001250        0x8 ..\obj\bsp.o
                0x08001250                leds
 *(.eh_fram e*)

.glue_7         0x08001258        0x0
 .glue_7        0x00000000        0x0 linker stubs

.glue_7t        0x08001258        0x0
 .glue_7t       0x00000000        0x0 linker stubs

.vfp11_veneer   0x08001258        0x0
 .vfp11_veneer  0x00000000        0x0 linker stubs

.v4_bx          0x08001258        0x0
 .v4_bx         0x00000000        0x0 linker stubs

.iplt           0x08001258        0x0
 .iplt          0x00000000        0x0 ..\obj\semihosting.o

.rel.dyn        0x08001258        0x0
 .rel.iplt      0x00000000        0x0 ..\obj\semihosting.o

.ARM.extab
 *(.ARM.extab* .gnu.linkonce.armextab.*)
                0x08001258                __exidx_start = .

.ARM.exidx
 *(.ARM.exidx* .gnu.linkonce.armexidx.*)
                0x08001258                __exidx_end = .
                0x08001258                __etext = .
                0x08001258                _sidata = __etext

.data           0x20000000      0x448 load address 0x08001258
                0x20000000                __data_start__ = .
                0x20000000                _sdata = __data_start__
 *(vtable)
 *(.data*)
 .data          0x20000000        0x2 ..\obj\main.o
 *fill*         0x20000002        0x6 
 .data          0x20000008      0x430 ..\obj\printf.o
                0x20000008                r
                0x20000430                _impure_ptr
 .data          0x20000438       0x10 ..\obj\bsp.o
                0x20000438                leds_port
                0x20000448                . = ALIGN (0x4)
                0x20000448                PROVIDE (__preinit_array_start, .)
 *(.preinit_array)
                0x20000448                PROVIDE (__preinit_array_end, .)
                0x20000448                . = ALIGN (0x4)
                0x20000448                PROVIDE (__init_array_start, .)
 *(SORT(.init_array.*))
 *(.init_array)
                0x20000448                PROVIDE (__init_array_end, .)
                0x20000448                . = ALIGN (0x4)
                0x20000448                PROVIDE (__fini_array_start, .)
 *(SORT(.fini_array.*))
 *(.fini_array)
                0x20000448                PROVIDE (__fini_array_end, .)
 *(.jcr*)
                0x20000448                . = ALIGN (0x4)
                0x20000448                __data_end__ = .
                0x20000448                _edata = __data_end__

.igot.plt       0x20000448        0x0 load address 0x080016a0
 .igot.plt      0x00000000        0x0 ..\obj\semihosting.o

.bss            0x20000448       0x18 load address 0x080016a0
                0x20000448                . = ALIGN (0x4)
                0x20000448                __bss_start__ = .
                0x20000448                _sbss = __bss_start__
 *(.bss*)
 .bss           0x20000448       0x14 ..\obj\semihosting.o
 .bss           0x2000045c        0x2 ..\obj\bsp.o
                0x2000045c                bsp_contMS
 *(COMMON)
                0x20000460                . = ALIGN (0x4)
 *fill*         0x2000045e        0x2 
                0x20000460                __bss_end__ = .
                0x20000460                _ebss = __bss_end__

.heap           0x20000460        0x0
                0x20000460                __end__ = .
                0x20000460                _end = __end__
                0x20000460                end = __end__
 *(.heap*)
                0x20000460                __HeapLimit = .

.co_stack       0x20000460      0x800 load address 0x080016b8
                0x20000460                . = ALIGN (0x8)
 *(.co_stack .co_stack.*)
 .co_stack      0x20000460      0x800 ..\obj\startup_stm32f4xx.o
                0x20000460                pulStack
                0x20010000                __StackTop = (ORIGIN (ram) + 0x10000)
                0x2000f800                __StackLimit = (__StackTop - SIZEOF (.co_stack))
                0x20010000                PROVIDE (__stack, __StackTop)
                0x00000001                ASSERT ((__StackLimit >= __HeapLimit), region ram  overflowed with stack)
LOAD ..\obj\semihosting.o
LOAD ..\obj\stm32f4xx_syscfg.o
LOAD ..\obj\startup_stm32f4xx.o
LOAD ..\obj\main.o
LOAD ..\obj\stm32f4xx_rcc.o
LOAD ..\obj\printf.o
LOAD ..\obj\stm32f4xx_gpio.o
LOAD ..\obj\sh_cmd.o
LOAD ..\obj\system_stm32f4xx.o
LOAD ..\obj\syscalls.o
LOAD ..\obj\bsp.o
LOAD ..\obj\stm32f4xx_exti.o
LOAD ..\obj\misc.o
LOAD ..\obj\stm32f4xx_tim.o
LOAD c:/program files (x86)/gnu tools arm embedded/4.8 2014q2/bin/../lib/gcc/arm-none-eabi/4.8.4/../../../../arm-none-eabi/lib/armv7e-m\libm.a
LOAD c:/program files (x86)/gnu tools arm embedded/4.8 2014q2/bin/../lib/gcc/arm-none-eabi/4.8.4/armv7e-m\libgcc.a
LOAD c:/program files (x86)/gnu tools arm embedded/4.8 2014q2/bin/../lib/gcc/arm-none-eabi/4.8.4/../../../../arm-none-eabi/lib/armv7e-m\libc.a
START GROUP
LOAD c:/program files (x86)/gnu tools arm embedded/4.8 2014q2/bin/../lib/gcc/arm-none-eabi/4.8.4/armv7e-m\libgcc.a
LOAD c:/program files (x86)/gnu tools arm embedded/4.8 2014q2/bin/../lib/gcc/arm-none-eabi/4.8.4/../../../../arm-none-eabi/lib/armv7e-m\libg.a
LOAD c:/program files (x86)/gnu tools arm embedded/4.8 2014q2/bin/../lib/gcc/arm-none-eabi/4.8.4/../../../../arm-none-eabi/lib/armv7e-m\libc.a
END GROUP
OUTPUT(TP4-Interrupciones-Timer-y-Boton.elf elf32-littlearm)

.debug_info     0x00000000     0x55fd
 .debug_info    0x00000000      0x12b ..\obj\semihosting.o
 .debug_info    0x0000012b      0x26c ..\obj\stm32f4xx_syscfg.o
 .debug_info    0x00000397       0xed ..\obj\startup_stm32f4xx.o
 .debug_info    0x00000484      0x198 ..\obj\main.o
 .debug_info    0x0000061c      0xc4d ..\obj\stm32f4xx_rcc.o
 .debug_info    0x00001269      0xe45 ..\obj\printf.o
 .debug_info    0x000020ae      0x602 ..\obj\stm32f4xx_gpio.o
 .debug_info    0x000026b0       0xa8 ..\obj\sh_cmd.o
 .debug_info    0x00002758      0x9c0 ..\obj\bsp.o
 .debug_info    0x00003118      0x347 ..\obj\stm32f4xx_exti.o
 .debug_info    0x0000345f      0x53d ..\obj\misc.o
 .debug_info    0x0000399c     0x1c61 ..\obj\stm32f4xx_tim.o

.debug_abbrev   0x00000000      0xff1
 .debug_abbrev  0x00000000       0xab ..\obj\semihosting.o
 .debug_abbrev  0x000000ab      0x131 ..\obj\stm32f4xx_syscfg.o
 .debug_abbrev  0x000001dc       0xb0 ..\obj\startup_stm32f4xx.o
 .debug_abbrev  0x0000028c      0x10a ..\obj\main.o
 .debug_abbrev  0x00000396      0x1e3 ..\obj\stm32f4xx_rcc.o
 .debug_abbrev  0x00000579      0x28f ..\obj\printf.o
 .debug_abbrev  0x00000808      0x1a3 ..\obj\stm32f4xx_gpio.o
 .debug_abbrev  0x000009ab       0x14 ..\obj\sh_cmd.o
 .debug_abbrev  0x000009bf      0x1c1 ..\obj\bsp.o
 .debug_abbrev  0x00000b80      0x1a5 ..\obj\stm32f4xx_exti.o
 .debug_abbrev  0x00000d25      0x145 ..\obj\misc.o
 .debug_abbrev  0x00000e6a      0x187 ..\obj\stm32f4xx_tim.o

.debug_aranges  0x00000000      0x7a0
 .debug_aranges
                0x00000000       0x30 ..\obj\semihosting.o
 .debug_aranges
                0x00000030       0x48 ..\obj\stm32f4xx_syscfg.o
 .debug_aranges
                0x00000078       0x28 ..\obj\startup_stm32f4xx.o
 .debug_aranges
                0x000000a0       0x40 ..\obj\main.o
 .debug_aranges
                0x000000e0      0x178 ..\obj\stm32f4xx_rcc.o
 .debug_aranges
                0x00000258       0xa0 ..\obj\printf.o
 .debug_aranges
                0x000002f8       0x88 ..\obj\stm32f4xx_gpio.o
 .debug_aranges
                0x00000380       0x20 ..\obj\sh_cmd.o
 .debug_aranges
                0x000003a0       0x70 ..\obj\bsp.o
 .debug_aranges
                0x00000410       0x58 ..\obj\stm32f4xx_exti.o
 .debug_aranges
                0x00000468       0x40 ..\obj\misc.o
 .debug_aranges
                0x000004a8      0x2f8 ..\obj\stm32f4xx_tim.o

.debug_ranges   0x00000000      0x6d0
 .debug_ranges  0x00000000       0x20 ..\obj\semihosting.o
 .debug_ranges  0x00000020       0x38 ..\obj\stm32f4xx_syscfg.o
 .debug_ranges  0x00000058       0x18 ..\obj\startup_stm32f4xx.o
 .debug_ranges  0x00000070       0x30 ..\obj\main.o
 .debug_ranges  0x000000a0      0x168 ..\obj\stm32f4xx_rcc.o
 .debug_ranges  0x00000208       0x90 ..\obj\printf.o
 .debug_ranges  0x00000298       0x78 ..\obj\stm32f4xx_gpio.o
 .debug_ranges  0x00000310       0x60 ..\obj\bsp.o
 .debug_ranges  0x00000370       0x48 ..\obj\stm32f4xx_exti.o
 .debug_ranges  0x000003b8       0x30 ..\obj\misc.o
 .debug_ranges  0x000003e8      0x2e8 ..\obj\stm32f4xx_tim.o

.debug_line     0x00000000     0x23a8
 .debug_line    0x00000000       0xa3 ..\obj\semihosting.o
 .debug_line    0x000000a3      0x20e ..\obj\stm32f4xx_syscfg.o
 .debug_line    0x000002b1       0x99 ..\obj\startup_stm32f4xx.o
 .debug_line    0x0000034a      0x197 ..\obj\main.o
 .debug_line    0x000004e1      0x589 ..\obj\stm32f4xx_rcc.o
 .debug_line    0x00000a6a      0x391 ..\obj\printf.o
 .debug_line    0x00000dfb      0x32e ..\obj\stm32f4xx_gpio.o
 .debug_line    0x00001129       0x7a ..\obj\sh_cmd.o
 .debug_line    0x000011a3      0x2e9 ..\obj\bsp.o
 .debug_line    0x0000148c      0x294 ..\obj\stm32f4xx_exti.o
 .debug_line    0x00001720      0x234 ..\obj\misc.o
 .debug_line    0x00001954      0xa54 ..\obj\stm32f4xx_tim.o

.debug_str      0x00000000     0x2839
 .debug_str     0x00000000      0x149 ..\obj\semihosting.o
                                0x182 (size before relaxing)
 .debug_str     0x00000149      0x1b9 ..\obj\stm32f4xx_syscfg.o
                                0x2ec (size before relaxing)
 .debug_str     0x00000302       0xa8 ..\obj\startup_stm32f4xx.o
                                0x13f (size before relaxing)
 .debug_str     0x000003aa       0xca ..\obj\main.o
                                0x21a (size before relaxing)
 .debug_str     0x00000474      0x67a ..\obj\stm32f4xx_rcc.o
                                0x848 (size before relaxing)
 .debug_str     0x00000aee      0x4c0 ..\obj\printf.o
                                0x676 (size before relaxing)
 .debug_str     0x00000fae      0x31a ..\obj\stm32f4xx_gpio.o
                                0x49b (size before relaxing)
 .debug_str     0x000012c8      0x841 ..\obj\bsp.o
                                0xba8 (size before relaxing)
 .debug_str     0x00001b09      0x105 ..\obj\stm32f4xx_exti.o
                                0x351 (size before relaxing)
 .debug_str     0x00001c0e      0x1ad ..\obj\misc.o
                                0x3c6 (size before relaxing)
 .debug_str     0x00001dbb      0xa7e ..\obj\stm32f4xx_tim.o
                                0xdc8 (size before relaxing)

.comment        0x00000000       0x70
 .comment       0x00000000       0x70 ..\obj\semihosting.o
                                 0x71 (size before relaxing)
 .comment       0x00000000       0x71 ..\obj\stm32f4xx_syscfg.o
 .comment       0x00000000       0x71 ..\obj\startup_stm32f4xx.o
 .comment       0x00000000       0x71 ..\obj\main.o
 .comment       0x00000000       0x71 ..\obj\stm32f4xx_rcc.o
 .comment       0x00000000       0x71 ..\obj\printf.o
 .comment       0x00000000       0x71 ..\obj\stm32f4xx_gpio.o
 .comment       0x00000000       0x71 ..\obj\bsp.o
 .comment       0x00000000       0x71 ..\obj\stm32f4xx_exti.o
 .comment       0x00000000       0x71 ..\obj\misc.o
 .comment       0x00000000       0x71 ..\obj\stm32f4xx_tim.o

.ARM.attributes
                0x00000000       0x31
 .ARM.attributes
                0x00000000       0x33 ..\obj\semihosting.o
 .ARM.attributes
                0x00000033       0x33 ..\obj\stm32f4xx_syscfg.o
 .ARM.attributes
                0x00000066       0x33 ..\obj\startup_stm32f4xx.o
 .ARM.attributes
                0x00000099       0x33 ..\obj\main.o
 .ARM.attributes
                0x000000cc       0x33 ..\obj\stm32f4xx_rcc.o
 .ARM.attributes
                0x000000ff       0x33 ..\obj\printf.o
 .ARM.attributes
                0x00000132       0x33 ..\obj\stm32f4xx_gpio.o
 .ARM.attributes
                0x00000165       0x21 ..\obj\sh_cmd.o
 .ARM.attributes
                0x00000186       0x33 ..\obj\bsp.o
 .ARM.attributes
                0x000001b9       0x33 ..\obj\stm32f4xx_exti.o
 .ARM.attributes
                0x000001ec       0x33 ..\obj\misc.o
 .ARM.attributes
                0x0000021f       0x33 ..\obj\stm32f4xx_tim.o

.debug_frame    0x00000000     0x17f4
 .debug_frame   0x00000000       0x70 ..\obj\semihosting.o
 .debug_frame   0x00000070       0xbc ..\obj\stm32f4xx_syscfg.o
 .debug_frame   0x0000012c       0x48 ..\obj\startup_stm32f4xx.o
 .debug_frame   0x00000174       0xa4 ..\obj\main.o
 .debug_frame   0x00000218      0x4d8 ..\obj\stm32f4xx_rcc.o
 .debug_frame   0x000006f0      0x248 ..\obj\printf.o
 .debug_frame   0x00000938      0x19c ..\obj\stm32f4xx_gpio.o
 .debug_frame   0x00000ad4      0x15c ..\obj\bsp.o
 .debug_frame   0x00000c30       0xec ..\obj\stm32f4xx_exti.o
 .debug_frame   0x00000d1c       0x9c ..\obj\misc.o
 .debug_frame   0x00000db8      0xa3c ..\obj\stm32f4xx_tim.o
